// Jest Snapshot v1, https://goo.gl/fbAQLP

exports[`<Collapse /> renders correctly 1`] = `
<DocumentFragment>
  <div
    aria-hidden="true"
    class="rah-static rah-static--height-zero"
    style="height: 0px; overflow: hidden;"
    sx="[object Object]"
  >
    <div
      style="transition: opacity 250ms ease 0ms; opacity: 0; display: none;"
    >
      <div
        class="css-0"
      >
        sfsjdfkbfkjdfdjksf
      </div>
    </div>
  </div>
</DocumentFragment>
`;
